{
  "text": "text value",
  "numeric": "bad number"
}